[    0.000000] Linux version 4.15.0-72-generic (buildd@lcy01-amd64-026) (gcc version 7.4.0 (Ubuntu 7.4.0-1ubuntu1~18.04.1)) #81-Ubuntu SMP Tue Nov 26 12:20:02 UTC 2019 (Ubuntu 4.15.0-72.81-generic 4.15.18)
[    0.000000] Command line: BOOT_IMAGE=/boot/vmlinuz-4.15.0-72-generic root=LABEL=cloudimg-rootfs ro console=tty1 console=ttyS0
[    0.000000] KERNEL supported cpus:
[    0.000000]   Intel GenuineIntel
[    0.000000]   AMD AuthenticAMD
[    0.000000]   Centaur CentaurHauls
[    0.000000] x86/fpu: Supporting XSAVE feature 0x001: 'x87 floating point registers'
[    0.000000] x86/fpu: Supporting XSAVE feature 0x002: 'SSE registers'
[    0.000000] x86/fpu: Supporting XSAVE feature 0x004: 'AVX registers'
[    0.000000] x86/fpu: xstate_offset[2]:  576, xstate_sizes[2]:  256
[    0.000000] x86/fpu: Enabled xstate features 0x7, context size is 832 bytes, using 'standard' format.
[    0.000000] e820: BIOS-provided physical RAM map:
[    0.000000] BIOS-e820: [mem 0x0000000000000000-0x000000000009fbff] usable
[    0.000000] BIOS-e820: [mem 0x000000000009fc00-0x000000000009ffff] reserved
[    0.000000] BIOS-e820: [mem 0x00000000000f0000-0x00000000000fffff] reserved
[    0.000000] BIOS-e820: [mem 0x0000000000100000-0x000000007ffeffff] usable
[    0.000000] BIOS-e820: [mem 0x000000007fff0000-0x000000007fffffff] ACPI data
[    0.000000] BIOS-e820: [mem 0x00000000fec00000-0x00000000fec00fff] reserved
[    0.000000] BIOS-e820: [mem 0x00000000fee00000-0x00000000fee00fff] reserved
[    0.000000] BIOS-e820: [mem 0x00000000fffc0000-0x00000000ffffffff] reserved
[    0.000000] NX (Execute Disable) protection: active
[    0.000000] SMBIOS 2.5 present.
[    0.000000] DMI: innotek GmbH VirtualBox/VirtualBox, BIOS VirtualBox 12/01/2006
[    0.000000] Hypervisor detected: KVM
[    0.000000] e820: last_pfn = 0x7fff0 max_arch_pfn = 0x400000000
[    0.000000] MTRR: Disabled
[    0.000000] x86/PAT: MTRRs disabled, skipping PAT initialization too.
[    0.000000] CPU MTRRs all blank - virtualized system.
[    0.000000] x86/PAT: Configuration [0-7]: WB  WT  UC- UC  WB  WT  UC- UC  
[    0.000000] found SMP P-table at [mem 0x0009fff0-0x0009ffff]
[     0.000000] Scanning 1 areas for low memory corruption
[    0.000000] RAMDISK: [mem 0x35a6d000-0x36d2dfff]
[    0.000000] ACPI: Early table checksum verification disabled
[    0.000000] ACPI: RSDP 0x00000000000E0000 000024 (v02 VBOX  )
[    0.000000] ACPI: XSDT 0x000000007FFF0030 00003C (v01 VBOX   VBOXXSDT 00000001 ASL  00000061)
[    0.000000] ACPI: FACP 0x000000007FFF00F0 0000F4 (v04 VBOX   VBOXFACP 00000001 ASL  00000061)
[    0.000000] ACPI: DSDT 0x000000007FFF0470 0021FF (v02 VBOX   VBOXBIOS 00000002 INTL 20100528)
[    0.000000] ACPI: FACS 0x000000007FFF0200 000040
[    0.000000] ACPI: FACS 0x000000007FFF0200 000040
[    0.000000] ACPI: APIC 0x000000007FFF0240 00005C (v02 VBOX   VBOXAPIC 00000001 ASL  00000061)
[    0.000000] ACPI: SSDT 0x000000007FFF02A0 0001CC (v01 VBOX   VBOXCPUT 00000002 INTL 20100528)
[    0.000000] No NUMA configuration found
[    0.000000] Faking a node at [mem 0x0000000000000000-0x000000007ffeffff]
[    0.000000] NODE_DATA(0) allocated [mem 0x7ffc5000-0x7ffeffff]
[    0.000000] kvm-clock: cpu 0, msr 0:7ff44001, primary cpu clock
[    0.000000] kvm-clock: Using msrs 4b564d01 and 4b564d00
[    0.000000] kvm-clock: using sched offset of 6223576265 cycles
[    0.000000] clocksource: kvm-clock: mask: 0xffffffffffffffff max_cycles: 0x1cd42e4dffb, max_idle_ns: 881590591483 ns
[    0.000000] Zone ranges:
[    0.000000]   DMA      [mem 0x0000000000001000-0x0000000000ffffff]
[    0.000000]   DMA32    [mem 0x0000000001000000-0x000000007ffeffff]
[    0.000000]   Normal   empty
[    0.000000]   Device   empty
[    0.000000] Movable zone start for each node
[    0.000000] Early memory node ranges
[    0.000000]   node   0: [mem 0x0000000000001000-0x000000000009efff]
[    0.000000]   node   0: [mem 0x0000000000100000-0x000000007ffeffff]
[    0.000000] Reserved but unavailable: 98 pages
[    0.000000] Initmem setup node 0 [mem 0x0000000000001000-0x000000007ffeffff]
[    0.000000] ACPI: PM-Timer IO Port: 0x4008
[    0.000000] IOAPIC[0]: apic_id 2, version 32, address 0xfec00000, GSI 0-23
[    0.000000] ACPI: INT_SRC_OVR (bus 0 bus_irq 0 global_irq 2 dfl dfl)
[    0.000000] ACPI: INT_SRC_OVR (bus 0 bus_irq 9 global_irq 9 low level)
[    0.000000] Using ACPI (MADT) for SMP configuration information
[    0.000000] smpboot: Allowing 2 CPUs, 0 hotplug CPUs
[    0.000000] PM: Registered nosave memory: [mem 0x00000000-0x00000fff]
[    0.000000] PM: Registered nosave memory: [mem 0x0009f000-0x0009ffff]
[    0.000000] PM: Registered nosave memory: [mem 0x000a0000-0x000effff]
[    0.000000] PM: Registered nosave memory: [mem 0x000f0000-0x000fffff]
[    0.000000] e820: [mem 0x80000000-0xfebfffff] available for PCI devices
[    0.000000] Booting paravirtualized kernel on KVM
[    0.000000] clocksource: refined-jiffies: mask: 0xffffffff max_cycles: 0xffffffff, max_idle_ns: 7645519600211568 ns
[    0.000000] random: get_random_bytes called from start_kernel+0x99/0x4fd with crng_init=0
[    0.000000] setup_percpu: NR_CPUS:8192 nr_cpumask_bits:2 nr_cpu_ids:2 nr_node_ids:1
[    0.000000] percpu: Embedded 45 pages/cpu s147456 r8192 d28672 u1048576
[    0.000000] PV qspinlock hash table entries: 256 (order: 0, 4096 bytes)
[    0.000000] Built 1 zonelists, mobility grouping on.  Total pages: 515961
[    0.000000] Policy zone: DMA32
[    0.000000] Kernel command line: BOOT_IMAGE=/boot/vmlinuz-4.15.0-72-generic root=LABEL=cloudimg-rootfs ro console=tty1 console=ttyS0
[    0.000000] Memory: 2015584K/2096696K available (12300K kernel code, 2481K rwdata, 4264K rodata, 2428K init, 2388K bss, 81112K reserved, 0K cma-reserved)
[    0.000000] SLUB: HWalign=64, Order=0-3, MinObjects=0, CPUs=2, Nodes=1
[    0.000000] Kernel/User page tables isolation: enabled
[    0.000000] ftrace: allocating 39318 entries in 154 pages
[    0.004000] Hierarchical RCU implementation.
[    0.004000] 	RCU restricting CPUs from NR_CPUS=8192 to nr_cpu_ids=2.
[    0.004000] 	Tasks RCU enabled.
[    0.004000] RCU: Adjusting geometry for rcu_fanout_leaf=16, nr_cpu_ids=2
[    0.004000] NR_IRQS: 524544, nr_irqs: 440, preallocated irqs: 16
[    0.004000] Console: colour VGA+ 80x25
[    0.004000] console [tty1] enabled
[    0.004000] console [ttyS0] enabled
[    0.004000] ACPI: Core revision 20170831
[    0.004000] ACPI: 2 ACPI AML tables successfully acquired and loaded
[    0.004000] APIC: Switch to symmetric I/O mode setup
[    0.004000] x2apic enabled
[    0.004022] Switched APIC routing to physical x2apic.
[    0.010605] ..TIMER: vector=0x30 apic1=0 pin1=2 apic2=-1 pin2=-1
[    0.012008] tsc: Detected 2904.000 MHz processor
[    0.016016] Calibrating delay loop (skipped) preset value.. 5808.00 BogoMIPS (lpj=11616000)
[    0.020017] pid_max: default: 32768 minimum: 301
[    0.022045] Security Framework initialized
[    0.024009] Yama: becoming mindful.
[    0.026217] AppArmor: AppArmor initialized
[    0.036344] Dentry cache hash table entries: 262144 (order: 9, 2097152 bytes)
[    0.040000] Inode-cache hash table entries: 131072 (order: 8, 1048576 bytes)
[    0.040059] Mount-cache hash table entries: 4096 (order: 3, 32768 bytes)
[    0.044040] Mountpoint-cache hash table entries: 4096 (order: 3, 32768 bytes)
[    0.048463] Last level iTLB entries: 4KB 64, 2MB 8, 4MB 8
[    0.052008] Last level dTLB entries: 4KB 64, 2MB 0, 4MB 0, 1GB 4
[    0.056009] Spectre V1 : Mitigation: usercopy/swapgs barriers and __user pointer sanitization
[    0.060011] Spectre V2 : Mitigation: Full generic retpoline
[    0.063065] Spectre V2 : Spectre v2 / SpectreRSB mitigation: Filling RSB on context switch
[    0.064008] Speculative Store Bypass: Vulnerable
[    0.068093] MDS: Vulnerable: Clear CPU buffers attempted, no microcode
[    0.076036] Freeing SMP alternatives memory: 36K
[    0.189030] smpboot: CPU0: Intel(R) Core(TM) i7-7600U CPU @ 2.80GHz (family: 0x6, model: 0x8e, stepping: 0x9)
[    0.192157] Performance Events: unsupported p6 CPU model 142 no PMU driver, software events only.
[    0.196123] Hierarchical SRCU implementation.
[    0.200552] NMI watchdog: Perf event create on CPU 0 failed with -2
[    0.204012] NMI watchdog: Perf NMI watchdog permanently disabled
[    0.208156] smp: Bringing up secondary CPUs ...
[    0.212200] x86: Booting SMP configuration:
[    0.214528] .... node  #0, CPUs:      #1
[    0.004000] kvm-clock: cpu 1, msr 0:7ff44041, secondary cpu clock
[    0.222650] smp: Brought up 1 node, 2 CPUs
[    0.224017] smpboot: Max logical packages: 1
[    0.228014] smpboot: Total of 2 processors activated (11616.00 BogoMIPS)
[    0.232304] devtmpfs: initialized
[    0.236161] x86/mm: Memory block size: 128MB
[    0.239620] evm: security.selinux
[    0.240010] evm: security.SMACK64
[    0.242110] evm: security.SMACK64EXEC
[    0.244009] evm: security.SMACK64TRANSMUTE
[    0.245913] evm: security.SMACK64MMAP
[    0.248006] evm: security.apparmor
[    0.249603] evm: security.ima
[    0.251128] evm: security.capability
[    0.256218] clocksource: jiffies: mask: 0xffffffff max_cycles: 0xffffffff, max_idle_ns: 7645041785100000 ns
[    0.260052] futex hash table entries: 512 (order: 3, 32768 bytes)
[    0.264108] pinctrl core: initialized pinctrl subsystem
[    0.268173] RTC time: 13:34:06, date: 12/27/19
[    0.272264] NET: Registered protocol family 16
[    0.276141] audit: initializing netlink subsys (disabled)
[    0.280090] audit: type=2000 audit(1577453653.153:1): state=initialized audit_enabled=0 res=1
[    0.284016] cpuidle: using governor ladder
[    0.288024] cpuidle: using governor menu
[    0.292092] ACPI: bus type PCI registered
[    0.296010] acpiphp: ACPI Hot Plug PCI Controller Driver version: 0.5
[    0.300198] PCI: Using configuration type 1 for base access
[    0.312153] HugeTLB registered 2.00 MiB page size, pre-allocated 0 pages
[    0.316257] ACPI: Added _OSI(Module Device)
[    0.320039] ACPI: Added _OSI(Processor Device)
[    0.322020] ACPI: Added _OSI(3.0 _SCP Extensions)
[    0.324047] ACPI: Added _OSI(Processor Aggregator Device)
[    0.328014] ACPI: Added _OSI(Linux-Dell-Video)
[    0.332012] ACPI: Added _OSI(Linux-Lenovo-NV-HDMI-Audio)
[    0.336011] ACPI: Added _OSI(Linux-HPI-Hybrid-Graphics)
[    0.340657] ACPI: Executed 1 blocks of module-level executable AML code
[    0.354620] ACPI: Interpreter enabled
[    0.356040] ACPI: (supports S0 S5)
[    0.357825] ACPI: Using IOAPIC for interrupt routing
[    0.360613] PCI: Using host bridge windows from ACPI; if necessary, use "pci=nocrs" and report a bug
[    0.364383] ACPI: Enabled 2 GPEs in block 00 to 07
[    0.384644] ACPI: PCI Root Bridge [PCI0] (domain 0000 [bus 00-ff])
[    0.388071] acpi PNP0A03:00: _OSC: OS supports [ASPM ClockPM Segments MSI]
[    0.392123] acpi PNP0A03:00: _OSC: not requesting OS control; OS requires [ExtendedConfig ASPM ClockPM MSI]
[    0.396050] acpi PNP0A03:00: fail to add MMCONFIG information, can't access extended PCI configuration space under this bridge.
[    0.404312] PCI host bridge to bus 0000:00
[    0.406077] pci_bus 0000:00: root bus resource [io  0x0000-0x0cf7 window]
[    0.408012] pci_bus 0000:00: root bus resource [io  0x0d00-0xffff window]
[    0.410791] pci_bus 0000:00: root bus resource [mem 0x000a0000-0x000bffff window]
[    0.412016] pci_bus 0000:00: root bus resource [mem 0x80000000-0xfdffffff window]
[    0.416017] pci_bus 0000:00: root bus resource [bus 00-ff]
[    0.427077] pci 0000:00:01.1: legacy IDE quirk: reg 0x10: [io  0x01f0-0x01f7]
[    0.428012] pci 0000:00:01.1: legacy IDE quirk: reg 0x14: [io  0x03f6]
[    0.431524] pci 0000:00:01.1: legacy IDE quirk: reg 0x18: [io  0x0170-0x0177]
[    0.432010] pci 0000:00:01.1: legacy IDE quirk: reg 0x1c: [io  0x0376]
[    0.498744] pci 0000:00:07.0: quirk: [io  0x4000-0x403f] claimed by PIIX4 ACPI
[    0.500039] pci 0000:00:07.0: quirk: [io  0x4100-0x410f] claimed by PIIX4 SMB
[    0.527115] ACPI: PCI Interrupt Link [LNKA] (IRQs 5 9 10 *11)
[    0.528676] ACPI: PCI Interrupt Link [LNKB] (IRQs 5 9 *10 11)
[    0.532151] ACPI: PCI Interrupt Link [LNKC] (IRQs 5 *9 10 11)
[    0.536294] ACPI: PCI Interrupt Link [LNKD] (IRQs 5 9 10 *11)
[    0.540764] SCSI subsystem initialized
[    0.542645] pci 0000:00:02.0: vgaarb: setting as boot VGA device
[    0.542773] pci 0000:00:02.0: vgaarb: VGA device added: decodes=io+mem,owns=io+mem,locks=none
[    0.544024] pci 0000:00:02.0: vgaarb: bridge control possible
[    0.548009] vgaarb: loaded
[    0.549387] ACPI: bus type USB registered
[    0.552051] usbcore: registered new interface driver usbfs
[    0.556041] usbcore: registered new interface driver hub
[    0.558244] usbcore: registered new device driver usb
[    0.560113] EDAC MC: Ver: 3.0.0
[    0.564155] PCI: Using ACPI for IRQ routing
[    0.566476] NetLabel: Initializing
[    0.568008] NetLabel:  domain hash size = 128
[    0.569895] NetLabel:  protocols = UNLABELED CIPSOv4 CALIPSO
[    0.572044] NetLabel:  unlabeled traffic allowed by default
[    0.576134] clocksource: Switched to clocksource kvm-clock
[    0.626970] VFS: Disk quotas dquot_6.6.0
[    0.632249] VFS: Dquot-cache hash table entries: 512 (order 0, 4096 bytes)
[    0.635642] AppArmor: AppArmor Filesystem Enabled
[    0.638178] pnp: PnP ACPI init
[    0.642143] pnp: PnP ACPI: found 3 devices
[    0.66048] clocksource: aci_pm: mask: 0xffffff max_cycles: 0xffffff, max_idle_ns: 2085701024 ns
[    0.737027] NET: Regisred protocol family 2

[    0.820590] TCP established hash table entries: 16384 (order: 5, 131072 bytes)
[    0.827087] TCP bind hash table entries: 16384 (order: 6, 262144 bytes)
[    0.832302] TCP: Hash tables configured (established 16384 bind 16384)
[    0.841400] UDP hash table entries: 1024 (order: 3, 32768 bytes)
[    0.850037] UDP-Lite hash table entries: 1024 (order: 3, 32768 bytes)
[    0.855970] NET: Registered protocol family 1
[   0.858255] pci 0000:00:00.0: Limiting direct PCI/PCI transfers
[    0.913581] pci 0000:00:01.0: Activating ISA DMA hang workarounds
[    0.917009] pci 0000:00:02.0: Video device with shadowed ROM at [mem 0x000c0000-0x000dffff]
[    0.921600] Unpacking initramfs...

[    1.663525] Freeing initrd memory: 19204K
[    1.666678] clocksource: tsc: mask: 0xffffffffffffffff max_cycles: 0x29dc05e54fc, max_idle_ns: 440795291716 ns
[    1.681593] platform rtc_cmos: registered platform RTC device (no PNP device found)
[    1.687376] Scanning for low memory corruption every 60 seconds
[    1.692450] Initialise system trusted keyrings
[    1.695108] Key type blacklist registered
[    1.697389] workingset: timestamp_bits=36 max_order=19 bucket_order=0
[    1.703332] zbud: loaded
[    1.707741] squashfs: version 4.0 (2009/01/31) Phillip Lougher
[    1.712790] fuse init (API version 7.26)
[    1.723311] Key type asymmetric registered
[    1.725532] Asymmetric key parser 'x509' registered
[    1.728152] Block layer SCSI generic (bsg) driver version 0.4 loaded (major 246)
[    1.732221] io scheduler noop registered
[    1.734352] io scheduler deadline registered
[    1.736148] io scheduler cfq registered (default)
[    1.739860] ACPI: AC Adapter [AC] (off-line)
[    1.741995] input: Power Button as /devices/LNXSYSTM:00/LNXPWRBN:00/input/input0
[    1.752390] ACPI: Power Button [PWRF]
[    1.755296] input: Sleep Button as /devices/LNXSYSTM:00/LNXSLPBN:00/input/input1
[    1.760215] ACPI: Sleep Button [SLPF]
[    1.766061] ACPI: Battery Slot [BAT0] (battery present)
[    1.772033] Serial: 8250/16550 driver, 32 ports, IRQ sharing enabled
[    1.807611] 00:02: ttyS0 at I/O 0x3f8 (irq = 4, base_baud = 115200) is a 16550A
[    1.818380] Linux agpgart interface v0.103
[    1.832101] loop: module loaded
[    1.835016] scsi host0: ata_piix
[    1.843335] scsi host1: ata_piix
[    1.852226] ata1: PATA max UDMA/33 cmd 0x1f0 ctl 0x3f6 bmdma 0xd000 irq 14
[    1.858028] ata2: PATA max UDMA/33 cmd 0x170 ctl 0x376 bmdma 0xd008 irq 15
[    1.861489] libphy: Fixed MDIO Bus: probed
[    1.863477] tun: Universal TUN/TAP device driver, 1.6
[    1.866112] PPP generic driver version 2.4.2
[    1.868187] ehci_hcd: USB 2.0 'Enhanced' Host Controller (EHCI) Driver
[    1.871093] ehci-pci: EHCI PCI platform driver
[    1.879079] ehci-platform: EHCI generic platform driver
[    1.881736] ohci_hcd: USB 1.1 'Open' Host Controller (OHCI) Driver
[    1.884583] ohci-pci: OHCI PCI platform driver
[    1.897472] ohci-platform: OHCI generic platform driver
[    1.899882] uhci_hcd: USB Universal Host Controller Interface driver
[    1.902674] i8042: PNP: PS/2 Controller [PNP0303:PS2K,PNP0f03:PS2M] at 0x60,0x64 irq 1,12
[    1.908423] serio: i8042 KBD port at 0x60,0x64 irq 1
[    1.910778] serio: i8042 AUX port at 0x60,0x64 irq 12
[    1.913874] mousedev: PS/2 mouse device common for all mice
[    1.917584] input: AT Translated Set 2 keyboard as /devices/platform/i8042/serio0/input/input2
[    1.924230] rtc_cmos rtc_cmos: rtc core: registered rtc_cmos as rtc0
[    1.927371] rtc_cmos rtc_cmos: alarms up to one day, 114 bytes nvram
[    1.930538] i2c /dev entries driver
[    1.932287] device-mapper: uevent: version 1.0.3
[    1.935148] device-mapper: ioctl: 4.37.0-ioctl (2017-09-20) initialised: dm-devel@redhat.com
[    1.939236] ledtrig-cpu: registered to indicate activity on CPUs
[    1.942956] NET: Registered protocol family 10
[    1.962582] Segment Routing with IPv6
[    1.966607] NET: Registered protocol family 17
[    1.969218] Key type dns_resolver registered
[    1.971943] mce: Using 0 MCE banks
[    1.973653] RAS: Correctable Errors collector initialized.
[    1.976092] sched_clock: Marking stable (1976044927, 0)->(3313904747, -1337859820)
[    1.982843] registered taskstats version 1
[    1.988439] Loading compiled-in X.509 certificates
[    1.996964] Loaded X.509 cert 'Build time autogenerated kernel key: f4f7241365689b0cbe3898188e65e316fd8f978d'
[    2.001821] zswap: loaded using pool lzo/zbud
[    2.010420] Key type big_key registered
[    2.012367] Key type trusted registered
[    2.018761] Key type encrypted registered
[    2.020717] AppArmor: AppArmor sha1 policy hashing enabled
[    2.023569] ima: No TPM chip found, activating TPM-bypass! (rc=-19)
[    2.026246] ima: Allocated hash algorithm: sha1
[    2.028253] evm: HMAC attrs: 0x1
[    2.030098]   Magic number: 15:474:585
[    2.032255] rtc_cmos rtc_cmos: setting system clock to 2019-12-27 13:34:08 UTC (1577453648)
[    2.036324] BIOS EDD facility v0.16 2004-Jun-25, 0 devices found
[    2.041790] EDD information not available.
[    2.049796] Freeing unused kernel image memory: 2428K
[    2.077131] Write protecting the kernel read-only data: 20480k
[    2.080789] Freeing unused kernel image memory: 2008K
[    2.083955] Freeing unused kernel image memory: 1880K
[    2.100954] x86/mm: Checked W+X mappings: passed, no W+X pages found.
[    2.103453] x86/mm: Checking user space page tables
[    2.119059] x86/mm: Checked W+X mappings: passed, no W+X pages found.
Loading, please wait...
starting version 237
[    2.328107] e1000: Intel(R) PRO/1000 Network Driver - version 7.3.21-k8-NAPI
[    2.331751] e1000: Copyright (c) 1999-2006 Intel Corporation.
[    2.343069] Fusion MPT base driver 3.04.20
[    2.345193] Copyright (c) 1999-2008 LSI Corporation
[    2.356777] Fusion MPT SPI Host driver 3.04.20
[    2.374078] AVX2 version of gcm_enc/dec engaged.
[    2.394403] AES CTR mode by8 optimization enabled
[    2.559010] input: ImExPS/2 Generic Explorer Mouse as /devices/platform/i8042/serio1/input/input4
[    2.914993] e1000 0000:00:03.0 eth0: (PCI:33MHz:32-bit) 02:b7:1f:33:e9:24
[    2.936735] e1000 0000:00:03.0 eth0: Intel(R) PRO/1000 Network Connection
[    2.948081] mptbase: ioc0: Initiating bringup
[    2.948750] e1000 0000:00:03.0 enp0s3: renamed from eth0
[    3.045100] ioc0: LSI53C1030 A0: Capabilities={Initiator}
[    3.305062] scsi host2: ioc0: LSI53C1030 A0, FwRev=00000000h, Ports=1, MaxQ=256, IRQ=20
[    3.485300] scsi 2:0:0:0: Direct-Access     VBOX     HARDDISK         1.0  PQ: 0 ANSI: 5
[    3.539392] scsi target2:0:0: Beginning Domain Validation
[    3.548677] scsi target2:0:0: Domain Validation skipping write tests
[    3.709212] scsi target2:0:0: Ending Domain Validation
[    3.713063] scsi target2:0:0: asynchronous
[    4.224993] scsi 2:0:1:0: Direct-Access     VBOX     HARDDISK         1.0  PQ: 0 ANSI: 5
[    4.686617] scsi target2:0:1: Beginning Domain Validation
[    4.692502] random: fast init done
[    4.697335] scsi target2:0:1: Domain Validation skipping write tests
[    4.702713] scsi target2:0:1: Ending Domain Validation
[    4.707615] scsi target2:0:1: asynchronous
[    4.724557] random: systemd-udevd: uninitialized urandom read (16 bytes read)
[    4.725365] sd 2:0:0:0: [sda] 20971520 512-byte logical blocks: (10.7 GB/10.0 GiB)
[    4.765084] random: systemd-udevd: uninitialized urandom read (16 bytes read)
[    4.773978] sd 2:0:0:0: Attached scsi generic sg0 type 0
[    4.779703] random: systemd-udevd: uninitialized urandom read (16 bytes read)
[    4.793018] sd 2:0:1:0: Attached scsi generic sg1 type 0
[    4.805435] sd 2:0:0:0: [sda] Write Protect is off
[    4.805584] sd 2:0:1:0: [sdb] 20480 512-byte logical blocks: (10.5 MB/10.0 MiB)
[    4.824868] sd 2:0:1:0: [sdb] Write Protect is off
[    4.826973] sd 2:0:0:0: [sda] Incomplete mode parameter data
[    4.827097] sd 2:0:1:0: [sdb] Incomplete mode parameter data
[    4.837770] sd 2:0:0:0: [sda] Assuming drive cache: write through
[    4.855889] sd 2:0:1:0: [sdb] Assuming drive cache: write through
[    4.862681]  sda: sda1
[    4.864505] sd 2:0:1:0: [sdb] Attached SCSI disk
[    4.867630] sd 2:0:0:0: [sda] Attached SCSI disk
Begin: Loading essential drivers ... [    7.152853] raid6: sse2x1   gen()  3570 MB/s
[    7.200033] raid6: sse2x1   xor()  2558 MB/s
[    7.248203] raid6: sse2x2   gen()  4674 MB/s
[    7.304019] raid6: sse2x2   xor()  3434 MB/s
[    7.353105] raid6: sse2x4   gen()  7399 MB/s
[    7.408015] raid6: sse2x4   xor()  5857 MB/s
[    7.460518] raid6: avx2x1   gen() 11637 MB/s
[    7.508153] raid6: avx2x1   xor()  6093 MB/s
[    7.556245] raid6: avx2x2   gen() 10438 MB/s
[    7.604269] raid6: avx2x2   xor()  4537 MB/s
[    7.656347] raid6: avx2x4   gen()  9426 MB/s
[    7.720078] raid6: avx2x4   xor()  8024 MB/s
[    7.737798] raid6: using algorithm avx2x1 gen() 11637 MB/s
[    7.762187] raid6: .... xor() 6093 MB/s, rmw enabled
[    7.793848] raid6: using avx2x2 recovery algorithm
[    7.800462] xor: automatically using best checksumming function   avx       
[    7.808619] async_tx: api initialized (async)
done.
Begin: Running /scripts/init-premount ... done.
Begin: Mounting root file system ... Begin: Running /scripts/local-top ... done.
Begin: Running /scripts/local-premount ... [    7.921834] Btrfs loaded, crc32c=crc32c-intel
Scanning for Btrfs filesystems
done.
Warning: fsck no[    8.004957] EXT4-fs (sda1): mounted filesystem with ordered data mode. Opts: (null)
t present, so skipping root file system
done.
Begin: Running /scripts/local-bottom ... done.
Begin: Running /scripts/init-bottom ... done.
[    8.383561] ip_tables: (C) 2000-2006 Netfilter Core Team
[    8.396775] systemd[1]: systemd 237 running in system mode. (+PAM +AUDIT +SELINUX +IMA +APPARMOR +SMACK +SYSVINIT +UTMP +LIBCRYPTSETUP +GCRYPT +GNUTLS +ACL +XZ +LZ4 +SECCOMP +BLKID +ELFUTILS +KMOD -IDN2 +IDN -PCRE2 default-hierarchy=hybrid)
[    8.422889] systemd[1]: Detected virtualization oracle.
[    8.425283] systemd[1]: Detected architecture x86-64.

Welcome to [1mUbuntu 18.04.3 LTS[0m!

[    8.436404] systemd[1]: Set hostname to <ubuntu-bionic>.
[    8.869292] systemd[1]: Created slice User and Session Slice.
[[0;32m  OK  [0m] Created slice User and Session Slice.
[    8.910547] systemd[1]: Reached target Swap.
[[0;32m  OK  [0m] Reached target Swap.
[    8.925531] systemd[1]: Reached target User and Group Name Lookups.
[[0;32m  OK  [0m] Reached target User and Group Name Lookups.
[    8.943729] systemd[1]: Started Forward Password Requests to Wall Directory Watch.
[[0;32m  OK  [0m] Started Forward Password Requests to Wall Directory Watch.
[    8.965100] systemd[1]: Created slice System Slice.
[[0;32m  OK  [0m] Created slice System Slice.
[    8.983886] systemd[1]: Listening on Network Service Netlink Socket.
[[0;32m  OK  [0m] Listening on Network Service Netlink Socket.
[[0;32m  OK  [0m] Listening on /dev/initctl Compatibility Named Pipe.
[[0;32m  OK  [0m] Listening on LVM2 metadata daemon socket.
[[0;32m  OK  [0m] Listening on udev Control Socket.
[[0;32m  OK  [0m] Listening on Device-mapper event daemon FIFOs.
[[0;32m  OK  [0m] Reached target Slices.
[[0;32m  OK  [0m] Listening on Syslog Socket.
[[0;32m  OK  [0m] Listening on Journal Audit Socket.
[[0;32m  OK  [0m] Listening on Journal Socket.
         Starting Create list of required stâ€¦ce nodes for the current kernel...
         Starting Monitoring of LVM2 mirrorsâ€¦ng dmeventd or progress polling...
         Mounting Kernel Debug File System...
         Starting Load Kernel Modules...
         Mounting POSIX Message Queue File System...
         Mounting Huge Pages File System...
[[0;32m  OK  [0m] Listening on Journal Socket (/dev/log).
         Starting Journal Service...
[[0;32m  OK  [0m] Created slice system-serial\x2dgetty.slice.
         Starting Remount Root and Kernel File Systems...
         Starting Set the console keyboard layout...
[[0;32m  OK  [0m] Reached targ[    9.406672] Loading iSCSI transport class v2.0-870.
et System Time Synchronized.
         Starting Uncomplicated firewall...
[[0;32m  OK  [0m] Listening on udev Kernel Socket.
         Starting udev Coldplug all Devices...
[[0;32m  OK  [0m] Set up automount Arbitrary Executabâ€¦rmats File System Automount Point.
[    9.457495] iscsi: registered transport (tcp)
[    9.460427] EXT4-fs (sda1): re-mounted. Opts: (null)
[[0;32m  OK  [0m] Listening on LVM2 poll daemon socket.
[[0;32m  OK  [0m] Started Create list of required staâ€¦vice nodes for the current kernel.
[[0;32m  OK  [0m] Mounted Kern[    9.509617] iscsi: registered transport (iser)
el Debug File System.
[[0;32m  OK  [0m] Mounted POSIX Message Queue File System.
[[0;32m  OK  [0m] Started Load Kernel Modules.
[[0;32m  OK  [0m] Mounted Huge Pages File System.
[[0;32m  OK  [0m] Started Remount Root and Kernel File Systems.
[[0;32m  OK  [0m] Started Uncomplicated firewall.
[[0;32m  OK  [0m] Started LVM2 metadata daemon.
         Starting Load/Save Random Seed...
         Starting Apply Kernel Variables...
         Mounting FUSE Control File System...
         Mounting Kernel Configuration File System...
         Starting Create Static Device Nodes in /dev...
[[0;32m  OK  [0m] Started Journal Service.
[[0;32m  OK  [0m] Started Monitoring of LVM2 mirrors,â€¦sing dmeventd or progress polling.
[[0;32m  OK  [0m] Started udev Coldplug all Devices.
[[0;32m  OK  [0m] Started Load/Save Random Seed.
[[0;32m  OK  [0m] Started Apply Kernel Variables.
[[0;32m  OK  [0m] Mounted FUSE Control File System.
[[0;32m  OK  [0m] Mounted Kernel Configuration File System.
         Starting Flush Journal to Persistent Storage...
[[0;32m  OK  [0m] Started Create Static Device Nodes in /dev.
         Starting udev Kernel Device Manager...
[[0;32m  OK  [0m] Started Set the console keyboard layout.
[[0;32m  OK  [0m] Reached target Local File Systems (Pre).
[[0;32m  OK  [0m] Reached target Local File Systems.
         Starting Tell Plymouth To Write Out Runtime Data...
         Starting Set console font and keymap...
         Starting ebtables ruleset management...
         Starting AppArmor initialization...
[[0;32m  OK  [0m] Started udev Kernel Device Manager.
[[0;32m  OK  [0m] Started Dispatch Password Requests to Console Directory Watch.
[[0;32m  OK  [0m] Reached target Local Encrypted Volumes.
[[0;32m  OK  [0m] Started Tell Plymouth To Write Out Runtime Data.
[[0;32m  OK  [0m] Started Set console font and keymap.
[[0;32m  OK  [0m] Started Flush Journal to Persistent Storage.
         Starting Create Volatile Files and Directories...
[[0;32m  OK  [0m] Started Create Volatile Files and Directories.
         Starting Update UTMP about System Boot/Shutdown...
[[0;32m  OK  [0m] Started Update UTMP about System Boot/Shutdown.
[[0;32m  OK  [0m] Started ebtables ruleset management.
[[0;32m  OK  [0m] Started AppArmor initialization.
         Starting Initial cloud-init job (pre-networking)...
[[0;32m  OK  [0m] Found device /dev/ttyS0.
[[0;32m  OK  [0m] Listening on Load/Save RF Kill Switch Status /dev/rfkill Watch.
[   13.335615] cloud-init[505]: Cloud-init v. 19.3-41-gc4735dd3-0ubuntu1~18.04.1 running 'init-local' at Fri, 27 Dec 2019 13:34:19 +0000. Up 12.57 seconds.
[[0;32m  OK  [0m] Started Initial cloud-init job (pre-networking).
[[0;32m  OK  [0m] Reached target Network (Pre).
         Starting Network Service...
[[0;32m  OK  [0m] Started Network Service.
         Starting Network Name Resolution...
         Starting Wait for Network to be Configured...
[[0;32m  OK  [0m] Started Network Name Resolution.
[[0;32m  OK  [0m] Reached target Host and Network Name Lookups.
[[0;32m  OK  [0m] Reached target Network.
[[0;32m  OK  [0m] Started Wait for Network to be Configured.
         Starting Initial cloud-init job (metadata service crawler)...
[   17.461761] cloud-init[665]: Cloud-init v. 19.3-41-gc4735dd3-0ubuntu1~18.04.1 running 'init' at Fri, 27 Dec 2019 13:34:23 +0000. Up 16.91 seconds.
[   17.477122] cloud-init[665]: ci-info: ++++++++++++++++++++++++++++++++++++++Net device info++++++++++++++++++++++++++++++++++++++
[   17.486033] cloud-init[665]: ci-info: +--------+------+----------------------------+---------------+--------+-------------------+
[   17.499058] cloud-init[665]: ci-info: | Device |  Up  |          Address           |      Mask     | Scope  |     Hw-Address    |
[   17.510175] cloud-init[665]: ci-info: +--------+------+----------------------------+---------------+--------+-------------------+
[   17.527433] cloud-init[665]: ci-info: | enp0s3 | True |         10.0.2.15          | 255.255.255.0 | global | 02:b7:1f:33:e9:24 |
[   17.536877] cloud-init[665]: ci-info: | enp0s3 | True | fe80::b7:1fff:fe33:e924/64 |       .       |  link  | 02:b7:1f:33:e9:24 |
[   17.547193] cloud-init[665]: ci-info: |   lo   | True |         127.0.0.1          |   255.0.0.0   |  host  |         .         |
[   17.583100] cloud-init[665]: ci-info: |   lo   | True |          ::1/128           |       .       |  host  |         .         |
[   17.601598] cloud-init[665]: ci-info: +--------+------+----------------------------+---------------+--------+-------------------+
[   17.643437] cloud-init[665]: ci-info: ++++++++++++++++++++++++++++Route IPv4 info+++++++++++++++++++++++++++++
[   17.647765] cloud-init[665]: ci-info: +-------+-------------+----------+-----------------+-----------+-------+
[   17.651708] cloud-init[665]: ci-info: | Route | Destination | Gateway  |     Genmask     | Interface | Flags |
[   17.677543] cloud-init[665]: ci-info: +-------+-------------+----------+-----------------+-----------+-------+
[   17.689376] cloud-init[665]: ci-info: |   0   |   0.0.0.0   | 10.0.2.2 |     0.0.0.0     |   enp0s3  |   UG  |
[   17.715205] cloud-init[665]: ci-info: |   1   |   10.0.2.0  | 0.0.0.0  |  255.255.255.0  |   enp0s3  |   U   |
[   17.718655] cloud-init[665]: ci-info: |   2   |   10.0.2.2  | 0.0.0.0  | 255.255.255.255 |   enp0s3  |   UH  |
[   17.746775] cloud-init[665]: ci-info: +-------+-------------+----------+-----------------+-----------+-------+
[   17.750183] cloud-init[665]: ci-info: +++++++++++++++++++Route IPv6 info+++++++++++++++++++
[   17.753709] cloud-init[665]: ci-info: +-------+-------------+---------+-----------+-------+
[   17.756975] cloud-init[665]: ci-info: | Route | Destination | Gateway | Interface | Flags |
[   17.760264] cloud-init[665]: ci-info: +-------+-------------+---------+-----------+-------+
[   17.763134] cloud-init[665]: ci-info: |   1   |  fe80::/64  |    ::   |   enp0s3  |   U   |
[   17.766162] cloud-init[665]: ci-info: |   3   |    local    |    ::   |   enp0s3  |   U   |
[   17.788639] cloud-init[665]: ci-info: |   4   |   ff00::/8  |    ::   |   enp0s3  |   U   |
[   17.792033] cloud-init[665]: ci-info: +-------+-------------+---------+-----------+-------+
[[0;32m  OK  [0m] Started Initial cloud-init job (metadata service crawler).
[[0;32m  OK  [0m] Reached target System Initialization.
[[0;32m  OK  [0m] Started Daily apt download activities.
[[0;32m  OK  [0m] Started Message of the Day.
         Starting LXD - unix socket.
[[0;32m  OK  [0m] Started Daily Cleanup of Temporary Directories.
[[0;32m  OK  [0m] Listening on ACPID Listen Socket.
[[0;32m  OK  [0m] Started Discard unused blocks once a week.
[[0;32m  OK  [0m] Started Daily apt upgrade and clean activities.
[[0;32m  OK  [0m] Reached target Timers.
[[0;32m  OK  [0m] Listening on Open-iSCSI iscsid Socket.
[[0;32m  OK  [0m] Listening on UUID daemon activation socket.
[[0;32m  OK  [0m] Started ACPI Events Check.
[[0;32m  OK  [0m] Listening on D-Bus System Message Bus Socket.
         Starting Socket activation for snappy daemon.
[[0;32m  OK  [0m] Reached target Paths.
[[0;32m  OK  [0m] Reached target Network is Online.
[[0;32m  OK  [0m] Reached target Remote File Systems (Pre).
[[0;32m  OK  [0m] Reached target Remote File Systems.
         Starting Availability of block devices...
[[0;32m  OK  [0m] Reached target Cloud-config availability.
[[0;32m  OK  [0m] Listening on LXD - unix socket.
[[0;32m  OK  [0m] Listening on Socket activation for snappy daemon.
[[0;32m  OK  [0m] Started Availability of block devices.
[[0;32m  OK  [0m] Reached target Sockets.
[[0;32m  OK  [0m] Reached target Basic System.
[[0;32m  OK  [0m] Started irqbalance daemon.
         Starting System Logging Service...
         Starting LXD - container startup/shutdown...
         Starting Dispatcher daemon for systemd-networkd...
         Starting Message of the Day...
[[0;32m  OK  [0m] Started FUSE filesystem for LXC.
         Starting LSB: Record successful boot for GRUB...
         Starting Snappy daemon...
         Starting Permit User Sessions...
         Starting LSB: automatic crash report generation...
[[0;32m  OK  [0m] Started Regular background program processing daemon.
         Starting Virtualbox guest utils...
         Starting Accounts Service...
         Starting OpenBSD Secure Shell server...
         Starting A high performance web server and a reverse proxy server...
[[0;32m  OK  [0m] Started D-Bus System Message Bus.
         Starting Login Service...
[[0;32m  OK  [0m] Started Deferred execution scheduler.
[[0;32m  OK  [0m] Started System Logging Service.
[[0;32m  OK  [0m] Started Permit User Sessions.
         Starting Hold until boot process finishes up...
         Starting Terminate Plymouth Boot Screen...
[[0;32m  OK  [0m] Started OpenBSD Secure Shell server.
[[0;32m  OK  [0m] Started Hold until boot process finishes up.
[[0;32m  OK  [0m] Started Terminate Plymouth Boot Screen.
         Starting Authorization Manager...
[[0;32m  OK  [0m] Started Serial Getty on ttyS0.
         Starting Set console scheme...
[[0;32m  OK  [0m] Started LSB: automatic crash report generation.
[[0;32m  OK  [0m] Started LSB: Record successful boot for GRUB.
[[0;32m  OK  [0m] Started LXD - container startup/shutdown.
[[0;32m  OK  [0m] Started Login Service.
[[0;32m  OK  [0m] Started Unattended Upgrades Shutdown.
[[0;32m  OK  [0m] Started Set console scheme.
[[0;32m  OK  [0m] Created slice system-getty.slice.
[[0;32m  OK  [0m] Started Getty on tty1.
[[0;32m  OK  [0m] Reached target Login Prompts.
[[0;32m  OK  [0m] Started Dispatcher daemon for systemd-networkd.
[[0;32m  OK  [0m] Started Authorization Manager.
[[0;32m  OK  [0m] Started Accounts Service.
[[0;32m  OK  [0m] Started A high performance web server and a reverse proxy server.
[[0;32m  OK  [0m] Started Virtualbox guest utils.
[[0;32m  OK  [0m] Created slice User Slice of vagrant.
         Starting User Manager for UID 1000...
[[0;32m  OK  [0m] Started Session 1 of user vagrant.
[[0;32m  OK  [0m] Started Snappy daemon.
         Starting Wait until snapd is fully seeded...
[[0;32m  OK  [0m] Started Wait until snapd is fully seeded.
[[0;32m  OK  [0m] Reached target Multi-User System.
[[0;32m  OK  [0m] Reached target Graphical Interface.
         Starting Update UTMP about System Runlevel Changes...
         Starting Apply the settings specified in cloud-config...
[[0;32m  OK  [0m] Started Update UTMP about System Runlevel Changes.
[[0;32m  OK  [0m] Started User Manager for UID 1000.
[   22.439401] cloud-init[1076]: Cloud-init v. 19.3-41-gc4735dd3-0ubuntu1~18.04.1 running 'modules:config' at Fri, 27 Dec 2019 13:34:28 +0000. Up 22.12 seconds.
[[0;32m  OK  [0m] Started Apply the settings specified in cloud-config.
         Starting Execute cloud user/final scripts...
[   24.073591] cloud-init[1200]: Cloud-init v. 19.3-41-gc4735dd3-0ubuntu1~18.04.1 running 'modules:final' at Fri, 27 Dec 2019 13:34:30 +0000. Up 23.72 seconds.
[[0;32m  OK  [0m] Started Execute cloud user/final scripts.
[   24.196359] cloud-init[1200]: Cloud-init v. 19.3-41-gc4735dd3-0ubuntu1~18.04.1 finished at Fri, 27 Dec 2019 13:34:30 +0000. Datasource DataSourceNoCloud [seed=/dev/sdb][dsmode=net].  Up 24.04 seconds
[[0;32m  OK  [0m] Reached target Cloud-init target.

Ubuntu 18.04.3 LTS ubuntu-bionic ttyS0

ubuntu-bionic login: 